// Vitest Snapshot v1

exports[`createSprite 1`] = `
Set {
  "icon-addUser",
  "icon-card2",
  "logo",
  "common-icon-add",
  "common-icon-add3",
  "common-icon-addUser",
  "common-icon-addUsers",
  "common-icon-addx",
  "common-icon-apple",
  "common-icon-banner",
  "common-logo",
}
`;
